error TS5083: Cannot read file 'C:/Users/akula/Downloads/codebenders-main/codebenders-/frontend/;/tsconfig.json'.
error TS5083: Cannot read file 'C:/Users/akula/Downloads/codebenders-main/codebenders-/frontend/type/tsconfig.json'.
error TS5083: Cannot read file 'C:/Users/akula/Downloads/codebenders-main/codebenders-/frontend/tsc_errors.txt/tsconfig.json'.
